// Jest Snapshot v1, https://goo.gl/fbAQLP

exports[`<GameDialog /> renders dialog 1`] = `
<DocumentFragment>
  <div
    class="MuiDialog-root"
    role="presentation"
    style="position: fixed; z-index: 1300; right: 0px; bottom: 0px; top: 0px; left: 0px;"
  >
    <div
      aria-hidden="true"
      class="MuiBackdrop-root"
      style="opacity: 1; webkit-transition: opacity 225ms cubic-bezier(0.4, 0, 0.2, 1) 0ms; transition: opacity 225ms cubic-bezier(0.4, 0, 0.2, 1) 0ms;"
    />
    <div
      data-test="sentinelStart"
      tabindex="0"
    />
    <div
      class="MuiDialog-container MuiDialog-scrollPaper"
      role="none presentation"
      style="opacity: 1; webkit-transition: opacity 225ms cubic-bezier(0.4, 0, 0.2, 1) 0ms; transition: opacity 225ms cubic-bezier(0.4, 0, 0.2, 1) 0ms;"
      tabindex="-1"
    >
      <div
        class="MuiPaper-root MuiDialog-paper MuiDialog-paperScrollPaper MuiDialog-paperWidthSm MuiPaper-elevation24 MuiPaper-rounded"
        role="dialog"
      >
        <div
          class="MuiDialogContent-root"
        >
          <div
            class="MuiGrid-root MuiGrid-container MuiGrid-spacing-xs-2"
          >
            <div
              class="MuiGrid-root MuiGrid-item MuiGrid-grid-xs-4"
            >
              <div
                class="MuiPaper-root MuiCard-root MuiPaper-elevation1 MuiPaper-rounded"
              >
                <div
                  class="MuiCardContent-root"
                >
                  <p
                    class="MuiTypography-root Panel-text-2 MuiTypography-body1"
                  >
                    ?
                  </p>
                </div>
              </div>
            </div>
            <div
              class="MuiGrid-root MuiGrid-item MuiGrid-grid-xs-4"
            >
              <div
                class="MuiPaper-root MuiCard-root MuiPaper-elevation1 MuiPaper-rounded"
              >
                <div
                  class="MuiCardContent-root"
                >
                  <p
                    class="MuiTypography-root Panel-text-2 MuiTypography-body1"
                  >
                    ?
                  </p>
                </div>
              </div>
            </div>
            <div
              class="MuiGrid-root MuiGrid-item MuiGrid-grid-xs-4"
            >
              <div
                class="MuiPaper-root MuiCard-root MuiPaper-elevation1 MuiPaper-rounded"
              >
                <div
                  class="MuiCardContent-root"
                >
                  <p
                    class="MuiTypography-root Panel-text-2 MuiTypography-body1"
                  >
                    ?
                  </p>
                </div>
              </div>
            </div>
          </div>
        </div>
        <div
          class="MuiDialogActions-root MuiDialogActions-spacing"
        >
          <button
            class="MuiButtonBase-root MuiButton-root MuiButton-text"
            tabindex="0"
            type="button"
          >
            <span
              class="MuiButton-label"
            >
              @
            </span>
            <span
              class="MuiTouchRipple-root"
            />
          </button>
          <div
            class="GameDialog-grow-1"
          />
          <button
            class="MuiButtonBase-root MuiButton-root MuiButton-text MuiButton-textSecondary"
            tabindex="0"
            type="button"
          >
            <span
              class="MuiButton-label"
            >
              Close
            </span>
            <span
              class="MuiTouchRipple-root"
            />
          </button>
          <button
            class="MuiButtonBase-root MuiButton-root MuiButton-text MuiButton-textPrimary Mui-focusVisible Mui-focusVisible"
            tabindex="0"
            type="button"
          >
            <span
              class="MuiButton-label"
            >
              Spin
            </span>
            <span
              class="MuiTouchRipple-root"
            >
              <span
                class="MuiTouchRipple-ripple MuiTouchRipple-rippleVisible MuiTouchRipple-ripplePulsate"
                style="width: 1px; height: 1px; top: -0.5px; left: -0.5px;"
              >
                <span
                  class="MuiTouchRipple-child MuiTouchRipple-childPulsate"
                />
              </span>
            </span>
          </button>
        </div>
      </div>
    </div>
    <div
      data-test="sentinelEnd"
      tabindex="0"
    />
  </div>
</DocumentFragment>
`;
